../Core/Src/ecg_proc.c:7:20:biquad_init	32	static
../Core/Src/ecg_proc.c:10:21:biquad_process	24	static
../Core/Src/ecg_proc.c:19:20:hp_ema_init	24	static
../Core/Src/ecg_proc.c:26:21:hp_ema_process	16	static
../Core/Src/ecg_proc.c:35:20:mwi_init	16	static
../Core/Src/ecg_proc.c:39:21:mwi_push	16	static
../Core/Src/ecg_proc.c:58:20:rdet_init	16	static
../Core/Src/ecg_proc.c:64:19:rdet_process	40	static
../Core/Src/ecg_proc.c:108:13:setup_notch_50	8	static
../Core/Src/ecg_proc.c:112:13:setup_notch_60	8	static
../Core/Src/ecg_proc.c:116:13:setup_lpf_15	8	static
../Core/Src/ecg_proc.c:121:6:ecg_proc_init	16	static
../Core/Src/ecg_proc.c:135:6:ecg_proc_reset	8	static
../Core/Src/ecg_proc.c:145:6:ecg_proc_set_enabled	16	static
../Core/Src/ecg_proc.c:147:6:ecg_proc_process_sample	40	static
../Core/Src/ecg_proc.c:175:6:ecg_proc_process_block	64	static
