../Core/Src/main.c:32:17:TIM6_SetRate	328	static
../Core/Src/main.c:84:5:main	136	static
../Core/Src/main.c:186:6:HAL_ADC_ConvHalfCpltCallback	24	static
../Core/Src/main.c:191:6:HAL_ADC_ConvCpltCallback	24	static
../Core/Src/main.c:198:13:uart_cb	120	static
../Core/Src/main.c:250:13:MX_ADC1_Init	40	static
../Core/Src/main.c:284:13:MX_DMA_Init	16	static
../Core/Src/main.c:305:13:MX_TIM6_Init	24	static
../Core/Src/main.c:322:13:MX_USART2_UART_Init	16	static
../Core/Src/main.c:337:13:MX_GPIO_Init	40	static
../Core/Src/main.c:373:6:SystemClock_Config	96	static
../Core/Src/main.c:398:6:DMA1_Channel1_IRQHandler	8	static
../Core/Src/main.c:404:6:Error_Handler	4	static,ignoring_inline_asm
